2026-06-02 03:42:35 - Start assembly. Number of CPU threads 1 
2026-06-02 03:42:35 - k list: 21,29,39,59,79,99 
2026-06-02 03:42:53 - Assemble contigs from SdBG for k = 21
2026-06-02 03:43:33 - Local assembly for k = 21
2026-06-02 03:43:43 - Extract iterative edges from k = 21 to 29 
2026-06-02 03:43:48 - Assemble contigs from SdBG for k = 29
2026-06-02 03:44:21 - Local assembly for k = 29
2026-06-02 03:44:32 - Extract iterative edges from k = 29 to 39 
2026-06-02 03:44:36 - Assemble contigs from SdBG for k = 39
2026-06-02 03:45:01 - Local assembly for k = 39
2026-06-02 03:45:17 - Extract iterative edges from k = 39 to 59 
2026-06-02 03:45:20 - Assemble contigs from SdBG for k = 59
2026-06-02 03:45:36 - Local assembly for k = 59
2026-06-02 03:45:55 - Extract iterative edges from k = 59 to 79 
2026-06-02 03:45:58 - Assemble contigs from SdBG for k = 79
2026-06-02 03:46:10 - Local assembly for k = 79
2026-06-02 03:46:25 - Extract iterative edges from k = 79 to 99 
2026-06-02 03:46:26 - Assemble contigs from SdBG for k = 99
2026-06-02 03:46:35 - Merging to output final contigs 
2026-06-02 03:46:35 - 8481 contigs, total 5702702 bp, min 204 bp, max 22877 bp, avg 672 bp, N50 703 bp
2026-06-02 03:46:35 - ALL DONE. Time elapsed: 240.106036 seconds 
