2026-06-01 22:14:19 - Start assembly. Number of CPU threads 1 
2026-06-01 22:14:19 - k list: 21,29,39,59,79,99 
2026-06-01 22:14:19 - Memory used: 61847529062
2026-06-01 22:14:29 - Build graph for k = 21 
2026-06-01 22:14:37 - Assemble contigs from SdBG for k = 21
2026-06-01 22:15:15 - Local assembly for k = 21
2026-06-01 22:15:25 - Extract iterative edges from k = 21 to 29 
2026-06-01 22:15:27 - Build graph for k = 29 
2026-06-01 22:15:30 - Assemble contigs from SdBG for k = 29
2026-06-01 22:16:04 - Local assembly for k = 29
2026-06-01 22:16:16 - Extract iterative edges from k = 29 to 39 
2026-06-01 22:16:17 - Build graph for k = 39 
2026-06-01 22:16:20 - Assemble contigs from SdBG for k = 39
2026-06-01 22:16:49 - Local assembly for k = 39
2026-06-01 22:17:07 - Extract iterative edges from k = 39 to 59 
2026-06-01 22:17:08 - Build graph for k = 59 
2026-06-01 22:17:10 - Assemble contigs from SdBG for k = 59
2026-06-01 22:17:28 - Local assembly for k = 59
2026-06-01 22:17:48 - Extract iterative edges from k = 59 to 79 
2026-06-01 22:17:50 - Build graph for k = 79 
2026-06-01 22:17:51 - Assemble contigs from SdBG for k = 79
2026-06-01 22:18:04 - Local assembly for k = 79
2026-06-01 22:18:19 - Extract iterative edges from k = 79 to 99 
2026-06-01 22:18:20 - Build graph for k = 99 
2026-06-01 22:18:21 - Assemble contigs from SdBG for k = 99
2026-06-01 22:18:30 - Merging to output final contigs 
2026-06-01 22:18:30 - 8481 contigs, total 5702702 bp, min 204 bp, max 22877 bp, avg 672 bp, N50 703 bp
2026-06-01 22:18:30 - ALL DONE. Time elapsed: 250.782620 seconds 
